≡ƒöæ Checking Gemini API Key: Present
≡ƒÜÇ Sending test request to Gemini Pro...
node.exe : Γ¥î Failed!
At line:1 char:1
+ & "C:\Program Files\
nodejs/node.exe" 
"C:\Program 
Files\nodejs/node_mo 
...
+ ~~~~~~~~~~~~~~~~~~~~
~~~~~~~~~~~~~~~~~~~~~~
~~~~~~~~~~~~~~~~~~~~~~
~~~~~
    + CategoryInfo    
          : NotSpeci  
  fied: (Γ¥î Failed   
 !:String) [], Rem    
oteException
    + FullyQualifiedE 
   rrorId : NativeCo  
  mmandError
 
Error: 
[GoogleGenerativeAI 
Error]: Error 
fetching from https://
generativelanguage.goo
gleapis.com/v1beta/mod
els/gemini-pro:generat
eContent: [404 Not 
Found] 
models/gemini-pro is 
not found for API 
version v1beta, or is 
not supported for 
generateContent. Call 
ListModels to see the 
list of available 
models and their 
supported methods.
